// Jest Snapshot v1, https://goo.gl/fbAQLP

exports[`<Fireworks /> renders properly with default values 1`] = `null`;
