// Jest Snapshot v1, https://goo.gl/fbAQLP

exports[`<TransacitonStepper /> renders properly with default values 1`] = `
<div
  className="transaction-stepper"
>
  <ThemeProvider
    theme={
      Object {
        "breakpoints": Object {
          "between": [Function],
          "down": [Function],
          "keys": Array [
            "xs",
            "sm",
            "md",
            "lg",
            "xl",
          ],
          "only": [Function],
          "unit": "px",
          "up": [Function],
          "values": Object {
            "lg": 1200,
            "md": 900,
            "sm": 600,
            "xl": 1536,
            "xs": 0,
          },
        },
        "components": Object {
          "MuiStepLabel": Object {
            "styleOverrides": Object {
              "label": Object {
                "fontSize": "1.1rem",
                "fontWeight": 700,
              },
            },
          },
        },
        "direction": "ltr",
        "mixins": Object {
          "toolbar": Object {
            "@media (min-width:0px) and (orientation: landscape)": Object {
              "minHeight": 48,
            },
            "@media (min-width:600px)": Object {
              "minHeight": 64,
            },
            "minHeight": 56,
          },
        },
        "palette": Object {
          "action": Object {
            "activatedOpacity": 0.24,
            "active": "#fff",
            "disabled": "rgba(255, 255, 255, 0.3)",
            "disabledBackground": "rgba(255, 255, 255, 0.12)",
            "disabledOpacity": 0.38,
            "focus": "rgba(255, 255, 255, 0.12)",
            "focusOpacity": 0.12,
            "hover": "rgba(255, 255, 255, 0.08)",
            "hoverOpacity": 0.08,
            "selected": "rgba(255, 255, 255, 0.16)",
            "selectedOpacity": 0.16,
          },
          "augmentColor": [Function],
          "background": Object {
            "default": "#121212",
            "paper": "#121212",
          },
          "common": Object {
            "black": "#000",
            "white": "#fff",
          },
          "contrastThreshold": 3,
          "divider": "rgba(255, 255, 255, 0.12)",
          "error": Object {
            "contrastText": "#fff",
            "dark": "#d32f2f",
            "light": "#e57373",
            "main": "#f44336",
          },
          "getContrastText": [Function],
          "grey": Object {
            "100": "#f5f5f5",
            "200": "#eeeeee",
            "300": "#e0e0e0",
            "400": "#bdbdbd",
            "50": "#fafafa",
            "500": "#9e9e9e",
            "600": "#757575",
            "700": "#616161",
            "800": "#424242",
            "900": "#212121",
            "A100": "#f5f5f5",
            "A200": "#eeeeee",
            "A400": "#bdbdbd",
            "A700": "#616161",
          },
          "info": Object {
            "contrastText": "rgba(0, 0, 0, 0.87)",
            "dark": "#0288d1",
            "light": "#4fc3f7",
            "main": "#29b6f6",
          },
          "mode": "dark",
          "primary": Object {
            "contrastText": "rgba(0, 0, 0, 0.87)",
            "dark": "#42a5f5",
            "light": "#e3f2fd",
            "main": "#90caf9",
          },
          "secondary": Object {
            "contrastText": "rgba(0, 0, 0, 0.87)",
            "dark": "#ab47bc",
            "light": "#f3e5f5",
            "main": "#ce93d8",
          },
          "success": Object {
            "contrastText": "rgba(0, 0, 0, 0.87)",
            "dark": "#388e3c",
            "light": "#81c784",
            "main": "#66bb6a",
          },
          "text": Object {
            "disabled": "rgba(255, 255, 255, 0.5)",
            "icon": "rgba(255, 255, 255, 0.5)",
            "primary": "#fff",
            "secondary": "rgba(255, 255, 255, 0.7)",
          },
          "tonalOffset": 0.2,
          "warning": Object {
            "contrastText": "rgba(0, 0, 0, 0.87)",
            "dark": "#f57c00",
            "light": "#ffb74d",
            "main": "#ffa726",
          },
        },
        "shadows": Array [
          "none",
          "0px 2px 1px -1px rgba(0,0,0,0.2),0px 1px 1px 0px rgba(0,0,0,0.14),0px 1px 3px 0px rgba(0,0,0,0.12)",
          "0px 3px 1px -2px rgba(0,0,0,0.2),0px 2px 2px 0px rgba(0,0,0,0.14),0px 1px 5px 0px rgba(0,0,0,0.12)",
          "0px 3px 3px -2px rgba(0,0,0,0.2),0px 3px 4px 0px rgba(0,0,0,0.14),0px 1px 8px 0px rgba(0,0,0,0.12)",
          "0px 2px 4px -1px rgba(0,0,0,0.2),0px 4px 5px 0px rgba(0,0,0,0.14),0px 1px 10px 0px rgba(0,0,0,0.12)",
          "0px 3px 5px -1px rgba(0,0,0,0.2),0px 5px 8px 0px rgba(0,0,0,0.14),0px 1px 14px 0px rgba(0,0,0,0.12)",
          "0px 3px 5px -1px rgba(0,0,0,0.2),0px 6px 10px 0px rgba(0,0,0,0.14),0px 1px 18px 0px rgba(0,0,0,0.12)",
          "0px 4px 5px -2px rgba(0,0,0,0.2),0px 7px 10px 1px rgba(0,0,0,0.14),0px 2px 16px 1px rgba(0,0,0,0.12)",
          "0px 5px 5px -3px rgba(0,0,0,0.2),0px 8px 10px 1px rgba(0,0,0,0.14),0px 3px 14px 2px rgba(0,0,0,0.12)",
          "0px 5px 6px -3px rgba(0,0,0,0.2),0px 9px 12px 1px rgba(0,0,0,0.14),0px 3px 16px 2px rgba(0,0,0,0.12)",
          "0px 6px 6px -3px rgba(0,0,0,0.2),0px 10px 14px 1px rgba(0,0,0,0.14),0px 4px 18px 3px rgba(0,0,0,0.12)",
          "0px 6px 7px -4px rgba(0,0,0,0.2),0px 11px 15px 1px rgba(0,0,0,0.14),0px 4px 20px 3px rgba(0,0,0,0.12)",
          "0px 7px 8px -4px rgba(0,0,0,0.2),0px 12px 17px 2px rgba(0,0,0,0.14),0px 5px 22px 4px rgba(0,0,0,0.12)",
          "0px 7px 8px -4px rgba(0,0,0,0.2),0px 13px 19px 2px rgba(0,0,0,0.14),0px 5px 24px 4px rgba(0,0,0,0.12)",
          "0px 7px 9px -4px rgba(0,0,0,0.2),0px 14px 21px 2px rgba(0,0,0,0.14),0px 5px 26px 4px rgba(0,0,0,0.12)",
          "0px 8px 9px -5px rgba(0,0,0,0.2),0px 15px 22px 2px rgba(0,0,0,0.14),0px 6px 28px 5px rgba(0,0,0,0.12)",
          "0px 8px 10px -5px rgba(0,0,0,0.2),0px 16px 24px 2px rgba(0,0,0,0.14),0px 6px 30px 5px rgba(0,0,0,0.12)",
          "0px 8px 11px -5px rgba(0,0,0,0.2),0px 17px 26px 2px rgba(0,0,0,0.14),0px 6px 32px 5px rgba(0,0,0,0.12)",
          "0px 9px 11px -5px rgba(0,0,0,0.2),0px 18px 28px 2px rgba(0,0,0,0.14),0px 7px 34px 6px rgba(0,0,0,0.12)",
          "0px 9px 12px -6px rgba(0,0,0,0.2),0px 19px 29px 2px rgba(0,0,0,0.14),0px 7px 36px 6px rgba(0,0,0,0.12)",
          "0px 10px 13px -6px rgba(0,0,0,0.2),0px 20px 31px 3px rgba(0,0,0,0.14),0px 8px 38px 7px rgba(0,0,0,0.12)",
          "0px 10px 13px -6px rgba(0,0,0,0.2),0px 21px 33px 3px rgba(0,0,0,0.14),0px 8px 40px 7px rgba(0,0,0,0.12)",
          "0px 10px 14px -6px rgba(0,0,0,0.2),0px 22px 35px 3px rgba(0,0,0,0.14),0px 8px 42px 7px rgba(0,0,0,0.12)",
          "0px 11px 14px -7px rgba(0,0,0,0.2),0px 23px 36px 3px rgba(0,0,0,0.14),0px 9px 44px 8px rgba(0,0,0,0.12)",
          "0px 11px 15px -7px rgba(0,0,0,0.2),0px 24px 38px 3px rgba(0,0,0,0.14),0px 9px 46px 8px rgba(0,0,0,0.12)",
        ],
        "shape": Object {
          "borderRadius": 4,
        },
        "spacing": [Function],
        "transitions": Object {
          "create": [Function],
          "duration": Object {
            "complex": 375,
            "enteringScreen": 225,
            "leavingScreen": 195,
            "short": 250,
            "shorter": 200,
            "shortest": 150,
            "standard": 300,
          },
          "easing": Object {
            "easeIn": "cubic-bezier(0.4, 0, 1, 1)",
            "easeInOut": "cubic-bezier(0.4, 0, 0.2, 1)",
            "easeOut": "cubic-bezier(0.0, 0, 0.2, 1)",
            "sharp": "cubic-bezier(0.4, 0, 0.6, 1)",
          },
          "getAutoHeightDuration": [Function],
        },
        "typography": Object {
          "body1": Object {
            "fontFamily": "\\"Roboto\\", \\"Helvetica\\", \\"Arial\\", sans-serif",
            "fontSize": "1rem",
            "fontWeight": 400,
            "letterSpacing": "0.00938em",
            "lineHeight": 1.5,
          },
          "body2": Object {
            "fontFamily": "\\"Roboto\\", \\"Helvetica\\", \\"Arial\\", sans-serif",
            "fontSize": "0.875rem",
            "fontWeight": 400,
            "letterSpacing": "0.01071em",
            "lineHeight": 1.43,
          },
          "button": Object {
            "fontFamily": "\\"Roboto\\", \\"Helvetica\\", \\"Arial\\", sans-serif",
            "fontSize": "0.875rem",
            "fontWeight": 500,
            "letterSpacing": "0.02857em",
            "lineHeight": 1.75,
            "textTransform": "uppercase",
          },
          "caption": Object {
            "fontFamily": "\\"Roboto\\", \\"Helvetica\\", \\"Arial\\", sans-serif",
            "fontSize": "0.75rem",
            "fontWeight": 400,
            "letterSpacing": "0.03333em",
            "lineHeight": 1.66,
          },
          "fontFamily": "\\"Roboto\\", \\"Helvetica\\", \\"Arial\\", sans-serif",
          "fontSize": 14,
          "fontWeightBold": 700,
          "fontWeightLight": 300,
          "fontWeightMedium": 500,
          "fontWeightRegular": 400,
          "h1": Object {
            "fontFamily": "\\"Roboto\\", \\"Helvetica\\", \\"Arial\\", sans-serif",
            "fontSize": "6rem",
            "fontWeight": 300,
            "letterSpacing": "-0.01562em",
            "lineHeight": 1.167,
          },
          "h2": Object {
            "fontFamily": "\\"Roboto\\", \\"Helvetica\\", \\"Arial\\", sans-serif",
            "fontSize": "3.75rem",
            "fontWeight": 300,
            "letterSpacing": "-0.00833em",
            "lineHeight": 1.2,
          },
          "h3": Object {
            "fontFamily": "\\"Roboto\\", \\"Helvetica\\", \\"Arial\\", sans-serif",
            "fontSize": "3rem",
            "fontWeight": 400,
            "letterSpacing": "0em",
            "lineHeight": 1.167,
          },
          "h4": Object {
            "fontFamily": "\\"Roboto\\", \\"Helvetica\\", \\"Arial\\", sans-serif",
            "fontSize": "2.125rem",
            "fontWeight": 400,
            "letterSpacing": "0.00735em",
            "lineHeight": 1.235,
          },
          "h5": Object {
            "fontFamily": "\\"Roboto\\", \\"Helvetica\\", \\"Arial\\", sans-serif",
            "fontSize": "1.5rem",
            "fontWeight": 400,
            "letterSpacing": "0em",
            "lineHeight": 1.334,
          },
          "h6": Object {
            "fontFamily": "\\"Roboto\\", \\"Helvetica\\", \\"Arial\\", sans-serif",
            "fontSize": "1.25rem",
            "fontWeight": 500,
            "letterSpacing": "0.0075em",
            "lineHeight": 1.6,
          },
          "htmlFontSize": 16,
          "overline": Object {
            "fontFamily": "\\"Roboto\\", \\"Helvetica\\", \\"Arial\\", sans-serif",
            "fontSize": "0.75rem",
            "fontWeight": 400,
            "letterSpacing": "0.08333em",
            "lineHeight": 2.66,
            "textTransform": "uppercase",
          },
          "pxToRem": [Function],
          "subtitle1": Object {
            "fontFamily": "\\"Roboto\\", \\"Helvetica\\", \\"Arial\\", sans-serif",
            "fontSize": "1rem",
            "fontWeight": 400,
            "letterSpacing": "0.00938em",
            "lineHeight": 1.75,
          },
          "subtitle2": Object {
            "fontFamily": "\\"Roboto\\", \\"Helvetica\\", \\"Arial\\", sans-serif",
            "fontSize": "0.875rem",
            "fontWeight": 500,
            "letterSpacing": "0.00714em",
            "lineHeight": 1.57,
          },
        },
        "zIndex": Object {
          "appBar": 1100,
          "drawer": 1200,
          "mobileStepper": 1000,
          "modal": 1300,
          "snackbar": 1400,
          "speedDial": 1050,
          "tooltip": 1500,
        },
      }
    }
  >
    <ForwardRef(Box)
      sx={
        Object {
          "maxWidth": 400,
        }
      }
    >
      <ForwardRef(Card)
        sx={
          Object {
            "width": 400,
          }
        }
      >
        <ForwardRef(CardContent)>
          <ForwardRef(Stepper)
            activeStep={0}
            orientation="vertical"
          >
            <ForwardRef(Step)
              key="gameRoundInitiationLabel"
            >
              <ForwardRef(StepLabel)
                sx={
                  Object {
                    "fontSize": "1rem",
                    "textAlign": "left",
                  }
                }
              >
                <p>
                  Game round initiation
                   
                  ⚙️
                </p>
              </ForwardRef(StepLabel)>
              <ForwardRef(StepContent)>
                <ForwardRef(Typography)
                  sx={
                    Object {
                      "fontSize": "0.8rem",
                      "textAlign": "left",
                    }
                  }
                  variant="body2"
                >
                  Confirm transaction first. After that, it will be recorded to blockchain. 
                          Total game rounds of 5 selected. 
                </ForwardRef(Typography)>
                <ForwardRef(Box)
                  sx={
                    Object {
                      "mb": 2,
                      "paddingRight": "2rem",
                      "paddingTop": "2rem",
                    }
                  }
                >
                  <ForwardRef(CircularProgress) />
                </ForwardRef(Box)>
              </ForwardRef(StepContent)>
            </ForwardRef(Step)>
            <ForwardRef(Step)
              key="waitingConfirmationsLabel"
            >
              <ForwardRef(StepLabel)
                sx={
                  Object {
                    "fontSize": "1rem",
                    "textAlign": "left",
                  }
                }
              >
                <p>
                  Waiting for confirmation
                   
                  🔗
                </p>
              </ForwardRef(StepLabel)>
              <ForwardRef(StepContent)>
                <ForwardRef(Typography)
                  sx={
                    Object {
                      "fontSize": "0.8rem",
                      "textAlign": "left",
                    }
                  }
                  variant="body2"
                >
                  Almost there! Waiting for transaction confirmations to guarantee that the result is provably fair.
                </ForwardRef(Typography)>
                <ForwardRef(Box)
                  sx={
                    Object {
                      "mb": 2,
                      "paddingRight": "2rem",
                      "paddingTop": "2rem",
                    }
                  }
                >
                  <ForwardRef(LinearProgress)
                    value={0}
                    variant="determinate"
                  />
                </ForwardRef(Box)>
              </ForwardRef(StepContent)>
            </ForwardRef(Step)>
          </ForwardRef(Stepper)>
        </ForwardRef(CardContent)>
      </ForwardRef(Card)>
    </ForwardRef(Box)>
  </ThemeProvider>
</div>
`;
